# serializer version: 1
# name: test_mealplan_today
  list([
    dict({
      'entry_type': <MealplanEntryType.DINNER: 'dinner'>,
      'group_id': '0bf60b2e-ca89-42a9-94d4-8f67ca72b157',
      'mealplan_id': 192,
      'recipe': dict({
        'description': 'This is a wonderful option for picnics and grill outs when you are looking for a new take on potato salad. This simple side salad made with cauliflower, peas, and hard boiled eggs can be made the day ahead and chilled until party time!',
        'group_id': '0bf60b2e-ca89-42a9-94d4-8f67ca72b157',
        'image': 'qLdv',
        'name': 'Cauliflower Salad',
        'original_url': 'https://www.allrecipes.com/recipe/142152/cauliflower-salad/',
        'recipe_id': '40393996-417e-4487-a081-28608a668826',
        'recipe_yield': '6 servings',
        'slug': 'cauliflower-salad',
        'user_id': '1ce8b5fe-04e8-4b80-aab1-d92c94685c6d',
      }),
      'user_id': '1ce8b5fe-04e8-4b80-aab1-d92c94685c6d',
    }),
    dict({
      'entry_type': <MealplanEntryType.DINNER: 'dinner'>,
      'group_id': '0bf60b2e-ca89-42a9-94d4-8f67ca72b157',
      'mealplan_id': 206,
      'recipe': dict({
        'description': 'Easy, cheesy, sausage pasta! In the whirlwind of mid-week mayhem, dinner doesn’t have to be a chore – this 15-minute pasta, featuring HECK’s Chicken Italia Chipolatas is your ticket to a delicious and hassle-free mid-week meal.',
        'group_id': '0bf60b2e-ca89-42a9-94d4-8f67ca72b157',
        'image': 'BeNc',
        'name': '15 Minute Cheesy Sausage & Veg Pasta',
        'original_url': 'https://www.annabelkarmel.com/recipes/15-minute-cheesy-sausage-veg-pasta/',
        'recipe_id': '872bb477-8d90-4025-98b0-07a9d0d9ce3a',
        'recipe_yield': '',
        'slug': '15-minute-cheesy-sausage-veg-pasta',
        'user_id': '1ce8b5fe-04e8-4b80-aab1-d92c94685c6d',
      }),
      'user_id': '1ce8b5fe-04e8-4b80-aab1-d92c94685c6d',
    }),
    dict({
      'entry_type': <MealplanEntryType.LUNCH: 'lunch'>,
      'group_id': '0bf60b2e-ca89-42a9-94d4-8f67ca72b157',
      'mealplan_id': 207,
      'recipe': dict({
        'description': '',
        'group_id': '0bf60b2e-ca89-42a9-94d4-8f67ca72b157',
        'image': None,
        'name': 'cake',
        'original_url': None,
        'recipe_id': '744a9831-fa56-4f61-9e12-fc5ebce58ed9',
        'recipe_yield': None,
        'slug': 'cake',
        'user_id': '1ce8b5fe-04e8-4b80-aab1-d92c94685c6d',
      }),
      'user_id': '1ce8b5fe-04e8-4b80-aab1-d92c94685c6d',
    }),
    dict({
      'entry_type': <MealplanEntryType.LUNCH: 'lunch'>,
      'group_id': '0bf60b2e-ca89-42a9-94d4-8f67ca72b157',
      'mealplan_id': 208,
      'recipe': dict({
        'description': 'Jazz up chicken breasts in this fruity, sweetly spiced sauce with pomegranate seeds, toasted almonds and tagine paste',
        'group_id': '0bf60b2e-ca89-42a9-94d4-8f67ca72b157',
        'image': 'lF4p',
        'name': 'Pomegranate chicken with almond couscous',
        'original_url': 'https://www.bbcgoodfood.com/recipes/pomegranate-chicken-almond-couscous',
        'recipe_id': '27455eb2-31d3-4682-84ff-02a114bf293a',
        'recipe_yield': '4 servings',
        'slug': 'pomegranate-chicken-with-almond-couscous',
        'user_id': '1ce8b5fe-04e8-4b80-aab1-d92c94685c6d',
      }),
      'user_id': '1ce8b5fe-04e8-4b80-aab1-d92c94685c6d',
    }),
    dict({
      'entry_type': <MealplanEntryType.DINNER: 'dinner'>,
      'group_id': '0bf60b2e-ca89-42a9-94d4-8f67ca72b157',
      'mealplan_id': 209,
      'recipe': dict({
        'description': '',
        'group_id': '0bf60b2e-ca89-42a9-94d4-8f67ca72b157',
        'image': 'ALqz',
        'name': 'Csirkés és tofus empanadas',
        'original_url': 'https://streetkitchen.hu/street-kitchen/csirkes-es-tofus-empanadas/',
        'recipe_id': '4233330e-6947-4042-90b7-44c405b70714',
        'recipe_yield': '16 servings',
        'slug': 'csirkes-es-tofus-empanadas',
        'user_id': '1ce8b5fe-04e8-4b80-aab1-d92c94685c6d',
      }),
      'user_id': '1ce8b5fe-04e8-4b80-aab1-d92c94685c6d',
    }),
    dict({
      'entry_type': <MealplanEntryType.DINNER: 'dinner'>,
      'group_id': '0bf60b2e-ca89-42a9-94d4-8f67ca72b157',
      'mealplan_id': 210,
      'recipe': dict({
        'description': 'This All-American beef stew recipe includes tender beef coated in a rich, intense sauce and vegetables that bring complementary texture and flavor.',
        'group_id': '0bf60b2e-ca89-42a9-94d4-8f67ca72b157',
        'image': '356X',
        'name': 'All-American Beef Stew Recipe',
        'original_url': 'https://www.seriouseats.com/all-american-beef-stew-recipe',
        'recipe_id': '48f39d27-4b8e-4c14-bf36-4e1e6497e75e',
        'recipe_yield': '6 servings',
        'slug': 'all-american-beef-stew-recipe',
        'user_id': '1ce8b5fe-04e8-4b80-aab1-d92c94685c6d',
      }),
      'user_id': '1ce8b5fe-04e8-4b80-aab1-d92c94685c6d',
    }),
    dict({
      'entry_type': <MealplanEntryType.DINNER: 'dinner'>,
      'group_id': '0bf60b2e-ca89-42a9-94d4-8f67ca72b157',
      'mealplan_id': 223,
      'recipe': dict({
        'description': 'Jazz up chicken breasts in this fruity, sweetly spiced sauce with pomegranate seeds, toasted almonds and tagine paste',
        'group_id': '0bf60b2e-ca89-42a9-94d4-8f67ca72b157',
        'image': 'lF4p',
        'name': 'Pomegranate chicken with almond couscous',
        'original_url': 'https://www.bbcgoodfood.com/recipes/pomegranate-chicken-almond-couscous',
        'recipe_id': '27455eb2-31d3-4682-84ff-02a114bf293a',
        'recipe_yield': '4 servings',
        'slug': 'pomegranate-chicken-with-almond-couscous',
        'user_id': '1ce8b5fe-04e8-4b80-aab1-d92c94685c6d',
      }),
      'user_id': '1ce8b5fe-04e8-4b80-aab1-d92c94685c6d',
    }),
  ])
# ---
# name: test_recipes
  dict({
    'items': list([
      dict({
        'description': '',
        'group_id': '0bf60b2e-ca89-42a9-94d4-8f67ca72b157',
        'image': None,
        'name': 'tu6y',
        'original_url': None,
        'recipe_id': 'e82f5449-c33b-437c-b712-337587199264',
        'recipe_yield': None,
        'slug': 'tu6y',
        'user_id': '1ce8b5fe-04e8-4b80-aab1-d92c94685c6d',
      }),
      dict({
        'description': 'Εύκολη μακαρονάδα με κεφτεδάκια στον φούρνο από τον Άκη Πετρετζίκη. Φτιάξτε την πιο εύκολη μακαρονάδα με κεφτεδάκια σε μόνο ένα σκεύος.',
        'group_id': '0bf60b2e-ca89-42a9-94d4-8f67ca72b157',
        'image': 'En9o',
        'name': 'Εύκολη μακαρονάδα με κεφτεδάκια στον φούρνο (1)',
        'original_url': 'https://akispetretzikis.com/recipe/7959/efkolh-makaronada-me-keftedakia-ston-fourno',
        'recipe_id': 'f79f7e9d-4b58-4930-a586-2b127f16ee34',
        'recipe_yield': '6 servings',
        'slug': 'eukole-makaronada-me-kephtedakia-ston-phourno-1',
        'user_id': '1ce8b5fe-04e8-4b80-aab1-d92c94685c6d',
      }),
      dict({
        'description': 'Régalez vous avec ces patates douces cuites au four et légèrement parfumées au thym et au piment. Super bon avec un poulet rôti par exemple.',
        'group_id': '0bf60b2e-ca89-42a9-94d4-8f67ca72b157',
        'image': 'aAhk',
        'name': 'Patates douces au four (1)',
        'original_url': 'https://www.papillesetpupilles.fr/2018/10/patates-douces-au-four.html/',
        'recipe_id': '90097c8b-9d80-468a-b497-73957ac0cd8b',
        'recipe_yield': '',
        'slug': 'patates-douces-au-four-1',
        'user_id': '1ce8b5fe-04e8-4b80-aab1-d92c94685c6d',
      }),
      dict({
        'description': 'Régalez vous avec ces patates douces cuites au four et légèrement parfumées au thym et au piment. Super bon avec un poulet rôti par exemple.',
        'group_id': '0bf60b2e-ca89-42a9-94d4-8f67ca72b157',
        'image': 'kdhm',
        'name': 'Sweet potatoes',
        'original_url': 'https://www.papillesetpupilles.fr/2018/10/patates-douces-au-four.html/',
        'recipe_id': '98845807-9365-41fd-acd1-35630b468c27',
        'recipe_yield': '',
        'slug': 'sweet-potatoes',
        'user_id': '1ce8b5fe-04e8-4b80-aab1-d92c94685c6d',
      }),
      dict({
        'description': 'Εύκολη μακαρονάδα με κεφτεδάκια στον φούρνο από τον Άκη Πετρετζίκη. Φτιάξτε την πιο εύκολη μακαρονάδα με κεφτεδάκια σε μόνο ένα σκεύος.',
        'group_id': '0bf60b2e-ca89-42a9-94d4-8f67ca72b157',
        'image': 'tNbG',
        'name': 'Εύκολη μακαρονάδα με κεφτεδάκια στον φούρνο',
        'original_url': 'https://akispetretzikis.com/recipe/7959/efkolh-makaronada-me-keftedakia-ston-fourno',
        'recipe_id': '40c227e0-3c7e-41f7-866d-5de04eaecdd7',
        'recipe_yield': '6 servings',
        'slug': 'eukole-makaronada-me-kephtedakia-ston-phourno',
        'user_id': '1ce8b5fe-04e8-4b80-aab1-d92c94685c6d',
      }),
      dict({
        'description': 'bourguignon, oignon, carotte, bouquet garni, vin rouge, beurre, sel, poivre',
        'group_id': '0bf60b2e-ca89-42a9-94d4-8f67ca72b157',
        'image': 'nj5M',
        'name': 'Boeuf bourguignon : la vraie recette (2)',
        'original_url': 'https://www.marmiton.org/recettes/recette_boeuf-bourguignon_18889.aspx',
        'recipe_id': '9c7b8aee-c93c-4b1b-ab48-2625d444743a',
        'recipe_yield': '4 servings',
        'slug': 'boeuf-bourguignon-la-vraie-recette-2',
        'user_id': '1ce8b5fe-04e8-4b80-aab1-d92c94685c6d',
      }),
      dict({
        'description': 'bourguignon, oignon, carotte, bouquet garni, vin rouge, beurre, sel, poivre',
        'group_id': '0bf60b2e-ca89-42a9-94d4-8f67ca72b157',
        'image': 'rbU7',
        'name': 'Boeuf bourguignon : la vraie recette (1)',
        'original_url': 'https://www.marmiton.org/recettes/recette_boeuf-bourguignon_18889.aspx',
        'recipe_id': 'fc42c7d1-7b0f-4e04-b88a-dbd80b81540b',
        'recipe_yield': '4 servings',
        'slug': 'boeuf-bourguignon-la-vraie-recette-1',
        'user_id': '1ce8b5fe-04e8-4b80-aab1-d92c94685c6d',
      }),
      dict({
        'description': 'Dieses einfache vegane Erdnussbutter-Schoko-Marmor-Bananenbrot Rezept enthält kein Öl und keinen raffiniernten Zucker, ist aber so fluffig, weich, saftig und lecker wie ein Kuchen! Zubereitet mit vielen gesunden Bananen, gelingt es auch glutenfrei und eignet sich perfekt zum Frühstück, als Dessert oder Snack für Zwischendurch!',
        'group_id': '0bf60b2e-ca89-42a9-94d4-8f67ca72b157',
        'image': 'JSp3',
        'name': 'Veganes Marmor-Bananenbrot mit Erdnussbutter',
        'original_url': 'https://biancazapatka.com/de/erdnussbutter-schoko-bananenbrot/',
        'recipe_id': '89e63d72-7a51-4cef-b162-2e45035d0a91',
        'recipe_yield': '14 servings',
        'slug': 'veganes-marmor-bananenbrot-mit-erdnussbutter',
        'user_id': '1ce8b5fe-04e8-4b80-aab1-d92c94685c6d',
      }),
      dict({
        'description': 'Es ist kein Geheimnis: Ich mag es gerne schnell und einfach. Und ich liebe Pasta! Deshalb habe ich mich vor ein paar Wochen auf die Suche nach der perfekten, schnellen Tomatensoße gemacht. Es muss da draußen doch irgendein Rezept geben, das (fast) genauso schnell zuzubereiten ist, wie Miracoli und dabei aber das schöne Gefühl hinterlässt, ...',
        'group_id': '0bf60b2e-ca89-42a9-94d4-8f67ca72b157',
        'image': '9QMh',
        'name': 'Pasta mit Tomaten, Knoblauch und Basilikum - einfach (und) genial! - Kuechenchaotin',
        'original_url': 'https://kuechenchaotin.de/pasta-mit-tomaten-knoblauch-basilikum/',
        'recipe_id': 'eab64457-97ba-4d6c-871c-cb1c724ccb51',
        'recipe_yield': '',
        'slug': 'pasta-mit-tomaten-knoblauch-und-basilikum-einfach-und-genial-kuechenchaotin',
        'user_id': '1ce8b5fe-04e8-4b80-aab1-d92c94685c6d',
      }),
      dict({
        'description': '',
        'group_id': '0bf60b2e-ca89-42a9-94d4-8f67ca72b157',
        'image': None,
        'name': 'test123',
        'original_url': None,
        'recipe_id': '12439e3d-3c1c-4dcc-9c6e-4afcea2a0542',
        'recipe_yield': None,
        'slug': 'test123',
        'user_id': '1ce8b5fe-04e8-4b80-aab1-d92c94685c6d',
      }),
      dict({
        'description': '',
        'group_id': '0bf60b2e-ca89-42a9-94d4-8f67ca72b157',
        'image': None,
        'name': 'Bureeto',
        'original_url': None,
        'recipe_id': '6567f6ec-e410-49cb-a1a5-d08517184e78',
        'recipe_yield': None,
        'slug': 'bureeto',
        'user_id': '1ce8b5fe-04e8-4b80-aab1-d92c94685c6d',
      }),
      dict({
        'description': '',
        'group_id': '0bf60b2e-ca89-42a9-94d4-8f67ca72b157',
        'image': None,
        'name': 'Subway Double Cookies',
        'original_url': None,
        'recipe_id': 'f7737d17-161c-4008-88d4-dd2616778cd0',
        'recipe_yield': None,
        'slug': 'subway-double-cookies',
        'user_id': '1ce8b5fe-04e8-4b80-aab1-d92c94685c6d',
      }),
      dict({
        'description': '',
        'group_id': '0bf60b2e-ca89-42a9-94d4-8f67ca72b157',
        'image': None,
        'name': 'qwerty12345',
        'original_url': None,
        'recipe_id': '1904b717-4a8b-4de9-8909-56958875b5f4',
        'recipe_yield': None,
        'slug': 'qwerty12345',
        'user_id': '1ce8b5fe-04e8-4b80-aab1-d92c94685c6d',
      }),
      dict({
        'description': 'Cheeseburger Sliders are juicy, cheesy and beefy - everything we love about classic burgers! These sliders are quick and easy plus they are make-ahead and reheat really well.',
        'group_id': '0bf60b2e-ca89-42a9-94d4-8f67ca72b157',
        'image': 'beGq',
        'name': 'Cheeseburger Sliders (Easy, 30-min Recipe)',
        'original_url': 'https://natashaskitchen.com/cheeseburger-sliders/',
        'recipe_id': '8bdd3656-5e7e-45d3-a3c4-557390846a22',
        'recipe_yield': '24 servings',
        'slug': 'cheeseburger-sliders-easy-30-min-recipe',
        'user_id': '1ce8b5fe-04e8-4b80-aab1-d92c94685c6d',
      }),
      dict({
        'description': '',
        'group_id': '0bf60b2e-ca89-42a9-94d4-8f67ca72b157',
        'image': None,
        'name': 'meatloaf',
        'original_url': None,
        'recipe_id': '8a30d31d-aa14-411e-af0c-6b61a94f5291',
        'recipe_yield': '4',
        'slug': 'meatloaf',
        'user_id': '1ce8b5fe-04e8-4b80-aab1-d92c94685c6d',
      }),
      dict({
        'description': "Richtig rheinischer Sauerbraten - Rheinischer geht's nicht! Über 536 Bewertungen und für köstlich befunden. Mit ► Portionsrechner ► Kochbuch ► Video-Tipps!",
        'group_id': '0bf60b2e-ca89-42a9-94d4-8f67ca72b157',
        'image': 'kCBh',
        'name': 'Richtig rheinischer Sauerbraten',
        'original_url': 'https://www.chefkoch.de/rezepte/937641199437984/Richtig-rheinischer-Sauerbraten.html',
        'recipe_id': 'f2f7880b-1136-436f-91b7-129788d8c117',
        'recipe_yield': '4 servings',
        'slug': 'richtig-rheinischer-sauerbraten',
        'user_id': '1ce8b5fe-04e8-4b80-aab1-d92c94685c6d',
      }),
      dict({
        'description': 'Orientalischer Gemüse-Hähnchen Eintopf. Über 164 Bewertungen und für köstlich befunden. Mit ► Portionsrechner ► Kochbuch ► Video-Tipps! Jetzt entdecken und ausprobieren!',
        'group_id': '0bf60b2e-ca89-42a9-94d4-8f67ca72b157',
        'image': 'kpBx',
        'name': 'Orientalischer Gemüse-Hähnchen Eintopf',
        'original_url': 'https://www.chefkoch.de/rezepte/2307761368177614/Orientalischer-Gemuese-Haehnchen-Eintopf.html',
        'recipe_id': 'cf634591-0f82-4254-8e00-2f7e8b0c9022',
        'recipe_yield': '6 servings',
        'slug': 'orientalischer-gemuse-hahnchen-eintopf',
        'user_id': '1ce8b5fe-04e8-4b80-aab1-d92c94685c6d',
      }),
      dict({
        'description': '',
        'group_id': '0bf60b2e-ca89-42a9-94d4-8f67ca72b157',
        'image': None,
        'name': 'test 20240121',
        'original_url': None,
        'recipe_id': '05208856-d273-4cc9-bcfa-e0215d57108d',
        'recipe_yield': '4',
        'slug': 'test-20240121',
        'user_id': '1ce8b5fe-04e8-4b80-aab1-d92c94685c6d',
      }),
      dict({
        'description': 'Zet in 20 minuten deze lekkere loempia bowl in elkaar. Makkelijk, snel en weer eens wat anders. Lekker met prei, sojasaus en kipgehakt.',
        'group_id': '0bf60b2e-ca89-42a9-94d4-8f67ca72b157',
        'image': 'McEx',
        'name': 'Loempia bowl',
        'original_url': 'https://www.lekkerensimpel.com/loempia-bowl/',
        'recipe_id': '145eeb05-781a-4eb0-a656-afa8bc8c0164',
        'recipe_yield': '',
        'slug': 'loempia-bowl',
        'user_id': '1ce8b5fe-04e8-4b80-aab1-d92c94685c6d',
      }),
      dict({
        'description': "Chocolate Mousse with Aquafaba, to make the fluffiest of mousses. Whip up this dessert in literally five minutes and chill in the fridge until you're ready to serve!",
        'group_id': '0bf60b2e-ca89-42a9-94d4-8f67ca72b157',
        'image': 'bzqo',
        'name': '5 Ingredient Chocolate Mousse',
        'original_url': 'https://thehappypear.ie/aquafaba-chocolate-mousse/',
        'recipe_id': '5c6532aa-ad84-424c-bc05-c32d50430fe4',
        'recipe_yield': '6 servings',
        'slug': '5-ingredient-chocolate-mousse',
        'user_id': '1ce8b5fe-04e8-4b80-aab1-d92c94685c6d',
      }),
      dict({
        'description': 'Der perfekte Pfannkuchen - gelingt einfach immer - von Kindern geliebt und auch für Kochneulinge super geeignet. Über 2529 Bewertungen und für vorzüglich befunden. Mit ► Portionsrechner ► Kochbuch ► Video-Tipps!',
        'group_id': '0bf60b2e-ca89-42a9-94d4-8f67ca72b157',
        'image': 'KGK6',
        'name': 'Der perfekte Pfannkuchen - gelingt einfach immer',
        'original_url': 'https://www.chefkoch.de/rezepte/1208161226570428/Der-perfekte-Pfannkuchen-gelingt-einfach-immer.html',
        'recipe_id': 'f2e684f2-49e0-45ee-90de-951344472f1c',
        'recipe_yield': '4 servings',
        'slug': 'der-perfekte-pfannkuchen-gelingt-einfach-immer',
        'user_id': '1ce8b5fe-04e8-4b80-aab1-d92c94685c6d',
      }),
      dict({
        'description': 'Für alle Liebhaber von Dinkel ist dieses Dinkel-Sauerteigbrot ein absolutes Muss. Aussen knusprig und innen herrlich feucht und grossporig.',
        'group_id': '0bf60b2e-ca89-42a9-94d4-8f67ca72b157',
        'image': 'yNDq',
        'name': 'Dinkel-Sauerteigbrot',
        'original_url': 'https://www.besondersgut.ch/dinkel-sauerteigbrot/',
        'recipe_id': 'cf239441-b75d-4dea-a48e-9d99b7cb5842',
        'recipe_yield': '1',
        'slug': 'dinkel-sauerteigbrot',
        'user_id': '1ce8b5fe-04e8-4b80-aab1-d92c94685c6d',
      }),
      dict({
        'description': '',
        'group_id': '0bf60b2e-ca89-42a9-94d4-8f67ca72b157',
        'image': None,
        'name': 'test 234234',
        'original_url': None,
        'recipe_id': '2673eb90-6d78-4b95-af36-5db8c8a6da37',
        'recipe_yield': None,
        'slug': 'test-234234',
        'user_id': '1ce8b5fe-04e8-4b80-aab1-d92c94685c6d',
      }),
      dict({
        'description': '',
        'group_id': '0bf60b2e-ca89-42a9-94d4-8f67ca72b157',
        'image': None,
        'name': 'test 243',
        'original_url': None,
        'recipe_id': '0a723c54-af53-40e9-a15f-c87aae5ac688',
        'recipe_yield': None,
        'slug': 'test-243',
        'user_id': '1ce8b5fe-04e8-4b80-aab1-d92c94685c6d',
      }),
      dict({
        'description': 'Einfacher Nudelauflauf mit Brokkoli, Sahnesauce und extra Käse. Dieses vegetarische 5 Zutaten Rezept ist super schnell gemacht und SO gut!',
        'group_id': '0bf60b2e-ca89-42a9-94d4-8f67ca72b157',
        'image': 'nOPT',
        'name': 'Einfacher Nudelauflauf mit Brokkoli',
        'original_url': 'https://kochkarussell.com/einfacher-nudelauflauf-brokkoli/',
        'recipe_id': '9d553779-607e-471b-acf3-84e6be27b159',
        'recipe_yield': '4 servings',
        'slug': 'einfacher-nudelauflauf-mit-brokkoli',
        'user_id': '1ce8b5fe-04e8-4b80-aab1-d92c94685c6d',
      }),
      dict({
        'description': '''
          Tarta cytrynowa z bezą
          Lekko kwaśna masa cytrynowa, która równoważy słodycz bezy – jeśli to brzmi jak ciasto, które chętnie zjesz na deser, wypróbuj nasz przepis! Tarta z bezą i masą cytrynową nawiązuje do kuchni francuskiej, znanej z wyśmienitych quiche i tart. Tym razem proponujemy ją w wersji na słodko.
          Dla kogo?
          Lubisz ciasta o delikatnym, kruchym spodzie? Posmakuje ci tarta cytrynowa z bezą. Przepis jest wprost stworzony dla miłośników lekko cierpkiego smaku cytrusów w wypiekach. Tarta cytrynowa z bezą zdecydowanie nie jest mdłym ciastem!
          Na jaką okazję?
          Na rodzinnym stole, zamiast zwykłego sernika lub ciasta czekoladowego, może stanąć właśnie tarta cytrynowa z bezą. Przepis ten skradnie serce twojej przyjaciółki lub przyjaciela, którego zaprosisz na herbatę i ciasto. Naszym zdaniem ma też dużą szansę stać się hitem urodzinowej imprezy, gdy pojawi się tuż obok tortu. Tarta cytrynowa z bezą smakuje doskonale w okresie świątecznym – upiecz ją na Wielkanoc oprócz tradycyjnego mazurka i baby.
          Czy wiesz, że?
          Zastanawiasz się, czy kupione kilka dni temu cytryny możesz przeznaczyć do przepisu na tartę? Jest wiele sposobów na przedłużenie ich świeżości. Niektórzy trzymają je w lodówce, w torebce zamykanej strunowo. Ciekawostka: im mocniej pachnie cytryna, tym kwaśniejsza będzie w smaku.
          Dla urozmaicenia:
          Martwisz się o to, czy każda warstwa tarty odpowiednio się upiecze? Mamy na to sposób. Piecz ją w piekarniku bez termoobiegu, ustawionym na grzanie góra–dół.
        ''',
        'group_id': '0bf60b2e-ca89-42a9-94d4-8f67ca72b157',
        'image': 'vxuL',
        'name': 'Tarta cytrynowa z bezą',
        'original_url': 'https://www.przepisy.pl/przepis/tarta-cytrynowa-z-beza',
        'recipe_id': '9d3cb303-a996-4144-948a-36afaeeef554',
        'recipe_yield': '8 servings',
        'slug': 'tarta-cytrynowa-z-beza',
        'user_id': '1ce8b5fe-04e8-4b80-aab1-d92c94685c6d',
      }),
      dict({
        'description': '',
        'group_id': '0bf60b2e-ca89-42a9-94d4-8f67ca72b157',
        'image': None,
        'name': 'Martins test Recipe',
        'original_url': None,
        'recipe_id': '77f05a49-e869-4048-aa62-0d8a1f5a8f1c',
        'recipe_yield': None,
        'slug': 'martins-test-recipe',
        'user_id': '1ce8b5fe-04e8-4b80-aab1-d92c94685c6d',
      }),
      dict({
        'description': 'Muffinki czekoladowe to przepyszny i bardzo prosty w przygotowaniu mini deser pieczony w papilotkach. Przepis na najlepsze, bardzo wilgotne i puszyste muffinki czekoladowe polecam każdemu miłośnikowi czekolady.',
        'group_id': '0bf60b2e-ca89-42a9-94d4-8f67ca72b157',
        'image': 'xP1Q',
        'name': 'Muffinki czekoladowe',
        'original_url': 'https://aniagotuje.pl/przepis/muffinki-czekoladowe',
        'recipe_id': '75a90207-9c10-4390-a265-c47a4b67fd69',
        'recipe_yield': '12',
        'slug': 'muffinki-czekoladowe',
        'user_id': '1ce8b5fe-04e8-4b80-aab1-d92c94685c6d',
      }),
      dict({
        'description': '',
        'group_id': '0bf60b2e-ca89-42a9-94d4-8f67ca72b157',
        'image': None,
        'name': 'My Test Recipe',
        'original_url': None,
        'recipe_id': '4320ba72-377b-4657-8297-dce198f24cdf',
        'recipe_yield': None,
        'slug': 'my-test-recipe',
        'user_id': '1ce8b5fe-04e8-4b80-aab1-d92c94685c6d',
      }),
      dict({
        'description': '',
        'group_id': '0bf60b2e-ca89-42a9-94d4-8f67ca72b157',
        'image': None,
        'name': 'My Test Receipe',
        'original_url': None,
        'recipe_id': '98dac844-31ee-426a-b16c-fb62a5dd2816',
        'recipe_yield': None,
        'slug': 'my-test-receipe',
        'user_id': '1ce8b5fe-04e8-4b80-aab1-d92c94685c6d',
      }),
      dict({
        'description': 'Régalez vous avec ces patates douces cuites au four et légèrement parfumées au thym et au piment. Super bon avec un poulet rôti par exemple.',
        'group_id': '0bf60b2e-ca89-42a9-94d4-8f67ca72b157',
        'image': 'r1ck',
        'name': 'Patates douces au four',
        'original_url': 'https://www.papillesetpupilles.fr/2018/10/patates-douces-au-four.html/',
        'recipe_id': 'c3c8f207-c704-415d-81b1-da9f032cf52f',
        'recipe_yield': '',
        'slug': 'patates-douces-au-four',
        'user_id': '1ce8b5fe-04e8-4b80-aab1-d92c94685c6d',
      }),
      dict({
        'description': 'Follow these basic instructions for a thick, crisp, and chewy pizza crust at home. The recipe yields enough pizza dough for two 12-inch pizzas and you can freeze half of the dough for later. Close to 2 pounds of dough total.',
        'group_id': '0bf60b2e-ca89-42a9-94d4-8f67ca72b157',
        'image': 'gD94',
        'name': 'Easy Homemade Pizza Dough',
        'original_url': 'https://sallysbakingaddiction.com/homemade-pizza-crust-recipe/',
        'recipe_id': '1edb2f6e-133c-4be0-b516-3c23625a97ec',
        'recipe_yield': '2 servings',
        'slug': 'easy-homemade-pizza-dough',
        'user_id': '1ce8b5fe-04e8-4b80-aab1-d92c94685c6d',
      }),
      dict({
        'description': 'This All-American beef stew recipe includes tender beef coated in a rich, intense sauce and vegetables that bring complementary texture and flavor.',
        'group_id': '0bf60b2e-ca89-42a9-94d4-8f67ca72b157',
        'image': '356X',
        'name': 'All-American Beef Stew Recipe',
        'original_url': 'https://www.seriouseats.com/all-american-beef-stew-recipe',
        'recipe_id': '48f39d27-4b8e-4c14-bf36-4e1e6497e75e',
        'recipe_yield': '6 servings',
        'slug': 'all-american-beef-stew-recipe',
        'user_id': '1ce8b5fe-04e8-4b80-aab1-d92c94685c6d',
      }),
      dict({
        'description': 'This utterly faithful recipe perfectly recreates a New York City halal-cart classic: Chicken and Rice with White Sauce. The chicken is marinated with herbs, lemon, and spices; the rice golden; the sauce, as white and creamy as ever.',
        'group_id': '0bf60b2e-ca89-42a9-94d4-8f67ca72b157',
        'image': '4Sys',
        'name': "Serious Eats' Halal Cart-Style Chicken and Rice With White Sauce",
        'original_url': 'https://www.seriouseats.com/serious-eats-halal-cart-style-chicken-and-rice-white-sauce-recipe',
        'recipe_id': '6530ea6e-401e-4304-8a7a-12162ddf5b9c',
        'recipe_yield': '4 servings',
        'slug': 'serious-eats-halal-cart-style-chicken-and-rice-with-white-sauce',
        'user_id': '1ce8b5fe-04e8-4b80-aab1-d92c94685c6d',
      }),
      dict({
        'description': 'Schnelle Käsespätzle. Über 1201 Bewertungen und für sehr gut befunden. Mit ► Portionsrechner ► Kochbuch ► Video-Tipps! Jetzt entdecken und ausprobieren!',
        'group_id': '0bf60b2e-ca89-42a9-94d4-8f67ca72b157',
        'image': '8goY',
        'name': 'Schnelle Käsespätzle',
        'original_url': 'https://www.chefkoch.de/rezepte/1062121211526182/Schnelle-Kaesespaetzle.html',
        'recipe_id': 'c496cf9c-1ece-448a-9d3f-ef772f078a4e',
        'recipe_yield': '4 servings',
        'slug': 'schnelle-kasespatzle',
        'user_id': '1ce8b5fe-04e8-4b80-aab1-d92c94685c6d',
      }),
      dict({
        'description': '',
        'group_id': '0bf60b2e-ca89-42a9-94d4-8f67ca72b157',
        'image': None,
        'name': 'taco',
        'original_url': None,
        'recipe_id': '49aa6f42-6760-4adf-b6cd-59592da485c3',
        'recipe_yield': None,
        'slug': 'taco',
        'user_id': '1ce8b5fe-04e8-4b80-aab1-d92c94685c6d',
      }),
      dict({
        'description': 'Har du inte provat denna trendiga pasta är det hög tid! Enkel och gräddig vardagspasta med smak av tomat och chili och en hemlig ingrediens som ger denna rätt extra sting, nämligen vodka.',
        'group_id': '0bf60b2e-ca89-42a9-94d4-8f67ca72b157',
        'image': 'z8BB',
        'name': 'Vodkapasta',
        'original_url': 'https://www.ica.se/recept/vodkapasta-729011/',
        'recipe_id': '6402a253-2baa-460d-bf4f-b759bb655588',
        'recipe_yield': '4 servings',
        'slug': 'vodkapasta',
        'user_id': '1ce8b5fe-04e8-4b80-aab1-d92c94685c6d',
      }),
      dict({
        'description': 'Har du inte provat denna trendiga pasta är det hög tid! Enkel och gräddig vardagspasta med smak av tomat och chili och en hemlig ingrediens som ger denna rätt extra sting, nämligen vodka.',
        'group_id': '0bf60b2e-ca89-42a9-94d4-8f67ca72b157',
        'image': 'Nqpz',
        'name': 'Vodkapasta2',
        'original_url': 'https://www.ica.se/recept/vodkapasta-729011/',
        'recipe_id': '4f54e9e1-f21d-40ec-a135-91e633dfb733',
        'recipe_yield': '4 servings',
        'slug': 'vodkapasta2',
        'user_id': '1ce8b5fe-04e8-4b80-aab1-d92c94685c6d',
      }),
      dict({
        'description': '',
        'group_id': '0bf60b2e-ca89-42a9-94d4-8f67ca72b157',
        'image': None,
        'name': 'Rub',
        'original_url': None,
        'recipe_id': 'e1a3edb0-49a0-49a3-83e3-95554e932670',
        'recipe_yield': '1',
        'slug': 'rub',
        'user_id': '1ce8b5fe-04e8-4b80-aab1-d92c94685c6d',
      }),
      dict({
        'description': "Tender and moist, these chocolate chip cookies were a HUGE hit in the Test Kitchen. They're like banana bread in a cookie form. Outside, there are crisp edges like a cookie. Inside, though, it's soft like banana bread. We opted to add chocolate chips and nuts. It's a classic flavor combination in banana bread and works just as well in these cookies.",
        'group_id': '0bf60b2e-ca89-42a9-94d4-8f67ca72b157',
        'image': '03XS',
        'name': 'Banana Bread Chocolate Chip Cookies',
        'original_url': 'https://www.justapinch.com/recipes/dessert/cookies/banana-bread-chocolate-chip-cookies.html',
        'recipe_id': '1a0f4e54-db5b-40f1-ab7e-166dab5f6523',
        'recipe_yield': '',
        'slug': 'banana-bread-chocolate-chip-cookies',
        'user_id': '1ce8b5fe-04e8-4b80-aab1-d92c94685c6d',
      }),
      dict({
        'description': "Hello friends, today I'm going to share with you how to make a delicious soup/bisque. A Cauliflower Bisques Recipe with Cheddar Cheese. One of my favorite soups to make when its cold outside. We will be continuing the soup collection so let me know what you think in the comments below!",
        'group_id': '0bf60b2e-ca89-42a9-94d4-8f67ca72b157',
        'image': 'KuXV',
        'name': 'Cauliflower Bisque Recipe with Cheddar Cheese',
        'original_url': 'https://chefjeanpierre.com/recipes/soups/creamy-cauliflower-bisque/',
        'recipe_id': '447acae6-3424-4c16-8c26-c09040ad8041',
        'recipe_yield': '',
        'slug': 'cauliflower-bisque-recipe-with-cheddar-cheese',
        'user_id': '1ce8b5fe-04e8-4b80-aab1-d92c94685c6d',
      }),
      dict({
        'description': '',
        'group_id': '0bf60b2e-ca89-42a9-94d4-8f67ca72b157',
        'image': None,
        'name': 'Prova ',
        'original_url': None,
        'recipe_id': '864136a3-27b0-4f3b-a90f-486f42d6df7a',
        'recipe_yield': '',
        'slug': 'prova',
        'user_id': '1ce8b5fe-04e8-4b80-aab1-d92c94685c6d',
      }),
      dict({
        'description': '',
        'group_id': '0bf60b2e-ca89-42a9-94d4-8f67ca72b157',
        'image': None,
        'name': 'pate au beurre (1)',
        'original_url': None,
        'recipe_id': 'c7ccf4c7-c5f4-4191-a79b-1a49d068f6a4',
        'recipe_yield': None,
        'slug': 'pate-au-beurre-1',
        'user_id': '1ce8b5fe-04e8-4b80-aab1-d92c94685c6d',
      }),
      dict({
        'description': '',
        'group_id': '0bf60b2e-ca89-42a9-94d4-8f67ca72b157',
        'image': None,
        'name': 'pate au beurre',
        'original_url': None,
        'recipe_id': 'd01865c3-0f18-4e8d-84c0-c14c345fdf9c',
        'recipe_yield': None,
        'slug': 'pate-au-beurre',
        'user_id': '1ce8b5fe-04e8-4b80-aab1-d92c94685c6d',
      }),
      dict({
        'description': 'Individual foolproof mason jar cheesecakes with strawberry compote and a Graham cracker crumble topping. Foolproof, simple, and delicious.',
        'group_id': '0bf60b2e-ca89-42a9-94d4-8f67ca72b157',
        'image': 'tmwm',
        'name': 'Sous Vide Cheesecake Recipe',
        'original_url': 'https://saltpepperskillet.com/recipes/sous-vide-cheesecake/',
        'recipe_id': '2cec2bb2-19b6-40b8-a36c-1a76ea29c517',
        'recipe_yield': '4 servings',
        'slug': 'sous-vide-cheesecake-recipe',
        'user_id': '1ce8b5fe-04e8-4b80-aab1-d92c94685c6d',
      }),
      dict({
        'description': 'This is a variation of the several cheese cake recipes that have been used for sous vide. These make a fabulous 4oz cheese cake for dessert. Garnish with a raspberry or blackberry and impress your family and friends. They’ll keep great in the fridge for a week easily.',
        'group_id': '0bf60b2e-ca89-42a9-94d4-8f67ca72b157',
        'image': 'xCYc',
        'name': 'The Bomb Mini Cheesecakes',
        'original_url': 'https://recipes.anovaculinary.com/recipe/the-bomb-cheesecakes',
        'recipe_id': '8e0e4566-9caf-4c2e-a01c-dcead23db86b',
        'recipe_yield': '10 servings',
        'slug': 'the-bomb-mini-cheesecakes',
        'user_id': '1ce8b5fe-04e8-4b80-aab1-d92c94685c6d',
      }),
      dict({
        'description': 'Tagliatelle al Salmone - wie beim Italiener. Über 1568 Bewertungen und für vorzüglich befunden. Mit ► Portionsrechner ► Kochbuch ► Video-Tipps!',
        'group_id': '0bf60b2e-ca89-42a9-94d4-8f67ca72b157',
        'image': 'qzaN',
        'name': 'Tagliatelle al Salmone',
        'original_url': 'https://www.chefkoch.de/rezepte/2109501340136606/Tagliatelle-al-Salmone.html',
        'recipe_id': 'a051eafd-9712-4aee-a8e5-0cd10a6772ee',
        'recipe_yield': '4 servings',
        'slug': 'tagliatelle-al-salmone',
        'user_id': '1ce8b5fe-04e8-4b80-aab1-d92c94685c6d',
      }),
      dict({
        'description': 'Hier ist der Name Programm: Den "Tod durch Schokolade" müsst ihr zwar hoffentlich nicht erleiden, aber Chocoholics werden diesen Kuchen lieben!',
        'group_id': '0bf60b2e-ca89-42a9-94d4-8f67ca72b157',
        'image': 'K9qP',
        'name': 'Death by Chocolate',
        'original_url': 'https://www.backenmachtgluecklich.de/rezepte/death-by-chocolate-kuchen.html',
        'recipe_id': '093d51e9-0823-40ad-8e0e-a1d5790dd627',
        'recipe_yield': '1 serving',
        'slug': 'death-by-chocolate',
        'user_id': '1ce8b5fe-04e8-4b80-aab1-d92c94685c6d',
      }),
      dict({
        'description': 'Palak Dal ist in Grunde genommen Spinat (Palak) mit Linsen oder anderen Hülsenfrüchten (Dal) vom indischen Subkontinent. Es kommen noch Zwiebeln, Tomaten und einige indische Gewürze dazu. Damit ist das Palak Dal ein super einfaches und zugleich veganes indisches Rezept. Es schmeckt hervorragend mit Naan-Brot und etwas gewürztem Joghurt.',
        'group_id': '0bf60b2e-ca89-42a9-94d4-8f67ca72b157',
        'image': 'jKQ3',
        'name': 'Palak Dal Rezept aus Indien',
        'original_url': 'https://www.fernweh-koch.de/palak-dal-indischer-spinat-linsen-rezept/',
        'recipe_id': '2d1f62ec-4200-4cfd-987e-c75755d7607c',
        'recipe_yield': '4 servings',
        'slug': 'palak-dal-rezept-aus-indien',
        'user_id': '1ce8b5fe-04e8-4b80-aab1-d92c94685c6d',
      }),
      dict({
        'description': 'Tortelline - á la Romana. Über 13 Bewertungen und für vorzüglich befunden. Mit ► Portionsrechner ► Kochbuch ► Video-Tipps! Jetzt entdecken und ausprobieren!',
        'group_id': '0bf60b2e-ca89-42a9-94d4-8f67ca72b157',
        'image': 'rkSn',
        'name': 'Tortelline - á la Romana',
        'original_url': 'https://www.chefkoch.de/rezepte/74441028021809/Tortelline-a-la-Romana.html',
        'recipe_id': '973dc36d-1661-49b4-ad2d-0b7191034fb3',
        'recipe_yield': '4 servings',
        'slug': 'tortelline-a-la-romana',
        'user_id': '1ce8b5fe-04e8-4b80-aab1-d92c94685c6d',
      }),
    ]),
  })
# ---
# name: test_startup_info
  dict({
    'is_first_login': True,
  })
# ---
# name: test_theme
  dict({
    'dark_accent': '#007A99',
    'dark_error': '#EF5350',
    'dark_info': '#1976D2',
    'dark_primary': '#E58325',
    'dark_secondary': '#973542',
    'dark_success': '#43A047',
    'dark_warning': '#FF6D00',
    'light_accent': '#007A99',
    'light_error': '#EF5350',
    'light_info': '#1976D2',
    'light_primary': '#E58325',
    'light_secondary': '#973542',
    'light_success': '#43A047',
    'light_warning': '#FF6D00',
  })
# ---
